[backblue.gif]
[fade.gif]
[index.html]
[cdn.jsdelivr.net/npm/bootstrap@5.2.2/dist/css/bootstrap.min.css]
[www.math.cuhk.edu.hk/conference/eas/templates/berlinbridges2022_fullscreen/templatefuncs/scripts/smoothscroll.js]
[www.math.cuhk.edu.hk/conference/eas/templates/berlinbridges2022_fullscreen/images/homelink.gif]
[www.math.cuhk.edu.hk/conference/eas/templates/berlinbridges2022_fullscreen/images/sitemaplinkbright.gif]
[www.math.cuhk.edu.hk/conference/eas/templates/berlinbridges2022_fullscreen/images/menulink.gif]
[www.math.cuhk.edu.hk/conference/eas/templates/berlinbridges2022_fullscreen/images/newslink.gif]
[www.math.cuhk.edu.hk/conference/eas/templates/berlinbridges2022_fullscreen/images/searchlink.png]
[www.math.cuhk.edu.hk/conference/eas/templates/berlinbridges2022_fullscreen/images/toplink.gif]
[www.math.cuhk.edu.hk/conference/eas/templates/berlinbridges2022_fullscreen/templatefuncs/headerimg/hk09a.png]
[www.math.cuhk.edu.hk/conference/eas/templates/berlinbridges2022_fullscreen/images/top.gif]
[www.math.cuhk.edu.hk/conference/eas/templates/berlinbridges2022_fullscreen/images/next.gif]
[www.math.cuhk.edu.hk/conference/eas/templates/berlinbridges2022_fullscreen/templatefuncs/icons/homelink.gif]
[www.math.cuhk.edu.hk/conference/eas/templates/berlinbridges2022_fullscreen/templatefuncs/icons/printlink.gif]
[www.math.cuhk.edu.hk/conference/eas/templates/berlinbridges2022_fullscreen/templatefuncs/icons/mailformlink.gif]
[www.math.cuhk.edu.hk/conference/eas/templates/berlinbridges2022_fullscreen/templatefuncs/icons/sitemaplink.gif]
[www.math.cuhk.edu.hk/conference/eas/templates/berlinbridges2022_fullscreen/images/scrolltotop.gif]
[www.math.cuhk.edu.hk/conference/eas/index8cf0.html]
[cdn.jsdelivr.net/npm/bootstrap@5.2.2/dist/css/bootstrap.min.css]
[www.math.cuhk.edu.hk/conference/eas/css/icons/folder-open.png]
[www.math.cuhk.edu.hk/conference/eas/css/icons/folder.png]
[www.math.cuhk.edu.hk/conference/eas/css/core.css]
[www.math.cuhk.edu.hk/conference/eas/templates/berlinbridges2022_fullscreen/fonts/RobotoCondensed-Bold.ttf]
[www.math.cuhk.edu.hk/conference/eas/templates/berlinbridges2022_fullscreen/fonts/RobotoCondensed-Regular.ttf]
[www.math.cuhk.edu.hk/conference/eas/templates/berlinbridges2022_fullscreen/fonts/RobotoCondensed-Light.ttf]
[www.math.cuhk.edu.hk/conference/eas/templates/berlinbridges2022_fullscreen/fonts/SpecialElite-Regular.ttf]
[www.math.cuhk.edu.hk/conference/eas/templates/berlinbridges2022_fullscreen/images/bgheader_blue.jpg]
[www.math.cuhk.edu.hk/conference/eas/templates/berlinbridges2022_fullscreen/images/button.jpg]
[www.math.cuhk.edu.hk/conference/eas/templates/berlinbridges2022_fullscreen/stylesheet.css]
[www.math.cuhk.edu.hk/conference/eas/templates/berlinbridges2022_fullscreen/images/lupe.png]
[www.math.cuhk.edu.hk/conference/eas/plugins/convert_h1split/css/stylesheet.css]
[www.math.cuhk.edu.hk/conference/eas/index.html]
[www.math.cuhk.edu.hk/conference/eas/indexe1da.html]
[www.math.cuhk.edu.hk/conference/eas/templates/berlinbridges2022_fullscreen/images/prev.gif]
[www.math.cuhk.edu.hk/conference/eas/indexa77a.html]
[www.math.cuhk.edu.hk/conference/eas/userfiles/images/ias.png]
[www.math.cuhk.edu.hk/conference/eas/userfiles/images/math_2000.png]
[www.math.cuhk.edu.hk/conference/eas/index9956.html]
[www.math.cuhk.edu.hk/conference/eas/userfiles/images/cityu_math.png]
[www.math.cuhk.edu.hk/conference/eas/userfiles/downloads/East Asia Section of IPIA-guidelines.pdf]
[www.math.cuhk.edu.hk/conference/eas/index2a97.html]
[www.math.cuhk.edu.hk/conference/eas/index77a3.html]
[www.math.cuhk.edu.hk/conference/eas/index87a2.html]
[www.math.cuhk.edu.hk/conference/eas/indexadee.html]
[www.math.cuhk.edu.hk/conference/eas/indexdb5e.html]
[www.math.cuhk.edu.hk/conference/eas/index964a.html]
[www.math.cuhk.edu.hk/conference/eas/index51a6.html]
[www.math.cuhk.edu.hk/conference/eas/index8689.html]
[www.math.cuhk.edu.hk/conference/eas/indexb8c4.html]
[www.cmsimple.org/index.html]
[www.ge-webdesign.de/index.html]
[www.math.cuhk.edu.hk/conference/eas/index0543.html]
[www.math.cuhk.edu.hk/conference/eas/index72ff.html]
[www.math.cuhk.edu.hk/conference/eas/index3517.html]
[www.math.cuhk.edu.hk/conference/eas/indexa82e.html]
[www.math.cuhk.edu.hk/conference/eas/index7500.html]
[www.math.cuhk.edu.hk/conference/eas/indexde9b.html]
[www.math.cuhk.edu.hk/conference/eas/index1eba.html]
[www.math.cuhk.edu.hk/conference/eas/index4dcf.html]
[www.math.cuhk.edu.hk/conference/eas/indexf412.html]
[www.math.cuhk.edu.hk/conference/eas/userfiles/downloads/program-schedule.pdf]
[www.math.cuhk.edu.hk/conference/eas/userfiles/downloads/abstract-book.pdf]
[www.math.cuhk.edu.hk/conference/eas/userfiles/images/map1.jpg]
[www.math.cuhk.edu.hk/conference/eas/userfiles/images/map2.jpg]
[www.math.cuhk.edu.hk/conference/eas/index6c32.html]
[www.math.cuhk.edu.hk/conference/eas/userfiles/images/5th-EAS-IPIA-photo.jpg]
[www.math.cuhk.edu.hk/conference/eas/userfiles/images/award_group.png]
[www.math.cuhk.edu.hk/conference/eas/userfiles/downloads/speaker/Ando_K.pdf]
[www.math.cuhk.edu.hk/conference/eas/userfiles/downloads/speaker/Fei_Zetao.pdf]
[www.math.cuhk.edu.hk/conference/eas/userfiles/downloads/speaker/Huang_Kuang.pdf]
[www.math.cuhk.edu.hk/conference/eas/userfiles/downloads/speaker/Tsou_CH.pdf]
[www.math.cuhk.edu.hk/conference/eas/userfiles/downloads/speaker/Lam_Andrew.pdf]
[www.math.cuhk.edu.hk/conference/eas/userfiles/downloads/speaker/Lei_Yunwen.pdf]
[www.math.cuhk.edu.hk/conference/eas/userfiles/downloads/speaker/Leuschner_Johannes.pdf]
[www.math.cuhk.edu.hk/conference/eas/userfiles/downloads/speaker/Lin_YiHsuan.pdf]
[www.math.cuhk.edu.hk/conference/eas/userfiles/downloads/speaker/Lo_Catharine.pdf]
[www.math.cuhk.edu.hk/conference/eas/userfiles/downloads/speaker/Xu_Zili.pdf]
[www.math.cuhk.edu.hk/conference/eas/userfiles/downloads/speaker/Yamamoto_Masahiro.pdf]
[www.math.cuhk.edu.hk/conference/eas/userfiles/downloads/speaker/Yu_S.pdf]
[www.math.cuhk.edu.hk/conference/eas/userfiles/downloads/speaker/Zhang_Wenlong.pdf]
[www.math.cuhk.edu.hk/conference/eas/userfiles/downloads/speaker/Zhang_Ye.pdf]
[www.math.cuhk.edu.hk/conference/eas/userfiles/downloads/speaker/Zhou_Zhi.pdf]
[www.math.cuhk.edu.hk/conference/eas/userfiles/downloads/abstract.pdf]
[www.math.cuhk.edu.hk/conference/eas/userfiles/downloads/schedule.pdf]
[www.math.cuhk.edu.hk/conference/eas/indexccb7.html]
[www.math.cuhk.edu.hk/conference/eas/index665d.html]
[www.math.cuhk.edu.hk/conference/eas/index6c08.html]
[www.math.cuhk.edu.hk/conference/eas/index2be5.html]
[www.math.cuhk.edu.hk/conference/eas/indexa23b.html]
[www.math.cuhk.edu.hk/conference/eas/index4237.html]
[www.math.cuhk.edu.hk/conference/eas/indexab50.html]
[www.math.cuhk.edu.hk/conference/eas/index346f.html]
[www.math.cuhk.edu.hk/conference/eas/indexf1f7.html]
[www.math.cuhk.edu.hk/conference/eas/indexb9b2.html]
[www.math.cuhk.edu.hk/conference/eas/index6125.html]
[www.math.cuhk.edu.hk/conference/eas/index6b13.html]
[www.math.cuhk.edu.hk/conference/eas/indexb78b.html]
[www.math.cuhk.edu.hk/conference/eas/index617c.html]
[www.math.cuhk.edu.hk/conference/eas/index4e72.html]
[www.math.cuhk.edu.hk/conference/eas/indexc51c.html]
[www.math.cuhk.edu.hk/conference/eas/index59a3.html]
[www.math.cuhk.edu.hk/conference/eas/index75a7.html]
[www.math.cuhk.edu.hk/conference/eas/index9d1c.html]
[www.math.cuhk.edu.hk/conference/eas/index69f2.html]
[www.math.cuhk.edu.hk/conference/eas/index7da2.html]
[www.math.cuhk.edu.hk/conference/eas/index0877.html]
[www.math.cuhk.edu.hk/conference/eas/indexacfc.html]
